(base) magdalena_dabrowska@DESKTOP-N4MLIUB:~/ANALIZA0903/NGS_data_analysis$ flash \
  D11_clean_R1.fq.gz \
  D11_clean_R2.fq.gz \
  -o D11 \
  -M 250 \
  -t 8
[FLASH] ERROR: Failed to open "D11_clean_R1.fq.gz" for reading: No such file or directory
[FLASH] FLASH did not complete successfully; exiting with failure status (1)
(base) magdalena_dabrowska@DESKTOP-N4MLIUB:~/ANALIZA0903/NGS_data_analysis$ flash \
  D11_clean_R1.fq \
  D11_clean_R2.fq \
  -o D11 \
  -M 250 \
  -t 8
[FLASH] ERROR: Failed to open "D11_clean_R1.fq" for reading: No such file or directory
[FLASH] FLASH did not complete successfully; exiting with failure status (1)
(base) magdalena_dabrowska@DESKTOP-N4MLIUB:~/ANALIZA0903/NGS_data_analysis$ cd ANALIZA0903
-bash: cd: ANALIZA0903: No such file or directory
(base) magdalena_dabrowska@DESKTOP-N4MLIUB:~/ANALIZA0903/NGS_data_analysis$ cd ~/ANALIZA0903
(base) magdalena_dabrowska@DESKTOP-N4MLIUB:~/ANALIZA0903$ flash D11_clean_R1.fq D11_clean_R2.fq -o D11 -M 250 -t 8
flash K0_clean_R1.fq K0_clean_R2.fq -o K0 -M 250 -t 8
[FLASH] ERROR: Failed to open "D11_clean_R1.fq" for reading: No such file or directory
[FLASH] FLASH did not complete successfully; exiting with failure status (1)
[FLASH] ERROR: Failed to open "K0_clean_R1.fq" for reading: No such file or directory
[FLASH] FLASH did not complete successfully; exiting with failure status (1)
(base) magdalena_dabrowska@DESKTOP-N4MLIUB:~/ANALIZA0903$ zcat D11_clean_R1.fq.gz > D11_clean_R1.fq
zcat D11_clean_R2.fq.gz > D11_clean_R2.fq
zcat K0_clean_R1.fq.gz > K0_clean_R1.fq
zcat K0_clean_R2.fq.gz > K0_clean_R2.fq
(base) magdalena_dabrowska@DESKTOP-N4MLIUB:~/ANALIZA0903$ # D11
flash D11_clean_R1.fq D11_clean_R2.fq -o D11 -M 250 -t 8

# K0
flash K0_clean_R1.fq K0_clean_R2.fq -o K0 -M 250 -t 8
[FLASH] Starting FLASH v1.2.11
[FLASH] Fast Length Adjustment of SHort reads
[FLASH]
[FLASH] Input files:
[FLASH]     D11_clean_R1.fq
[FLASH]     D11_clean_R2.fq
[FLASH]
[FLASH] Output files:
[FLASH]     ./D11.extendedFrags.fastq
[FLASH]     ./D11.notCombined_1.fastq
[FLASH]     ./D11.notCombined_2.fastq
[FLASH]     ./D11.hist
[FLASH]     ./D11.histogram
[FLASH]
[FLASH] Parameters:
[FLASH]     Min overlap:           10
[FLASH]     Max overlap:           250
[FLASH]     Max mismatch density:  0.250000
[FLASH]     Allow "outie" pairs:   false
[FLASH]     Cap mismatch quals:    false
[FLASH]     Combiner threads:      8
[FLASH]     Input format:          FASTQ, phred_offset=33
[FLASH]     Output format:         FASTQ, phred_offset=33
[FLASH]
[FLASH] Starting reader and writer threads
[FLASH] Starting 8 combiner threads
[FLASH] Processed 25000 read pairs
[FLASH] Processed 50000 read pairs
[FLASH] Processed 75000 read pairs
[FLASH] Processed 100000 read pairs
[FLASH] Processed 125000 read pairs
[FLASH] Processed 150000 read pairs
[FLASH] Processed 175000 read pairs
[FLASH] Processed 200000 read pairs
[FLASH] Processed 225000 read pairs
[FLASH] Processed 250000 read pairs
[FLASH] Processed 275000 read pairs
[FLASH] Processed 300000 read pairs
[FLASH] Processed 325000 read pairs
[FLASH] Processed 350000 read pairs
[FLASH] Processed 375000 read pairs
[FLASH] Processed 400000 read pairs
[FLASH] Processed 425000 read pairs
[FLASH] Processed 450000 read pairs
[FLASH] Processed 475000 read pairs
[FLASH] Processed 500000 read pairs
[FLASH] Processed 525000 read pairs
[FLASH] Processed 550000 read pairs
[FLASH] Processed 575000 read pairs
[FLASH] Processed 600000 read pairs
[FLASH] Processed 625000 read pairs
[FLASH] Processed 650000 read pairs
[FLASH] Processed 675000 read pairs
[FLASH] Processed 700000 read pairs
[FLASH] Processed 725000 read pairs
[FLASH] Processed 750000 read pairs
[FLASH] Processed 775000 read pairs
[FLASH] Processed 800000 read pairs
[FLASH] Processed 825000 read pairs
[FLASH] Processed 850000 read pairs
[FLASH] Processed 875000 read pairs
[FLASH] Processed 900000 read pairs
[FLASH] Processed 925000 read pairs
[FLASH] Processed 950000 read pairs
[FLASH] Processed 975000 read pairs
[FLASH] Processed 1000000 read pairs
[FLASH] Processed 1025000 read pairs
[FLASH] Processed 1050000 read pairs
[FLASH] Processed 1075000 read pairs
[FLASH] Processed 1100000 read pairs
[FLASH] Processed 1125000 read pairs
[FLASH] Processed 1150000 read pairs
[FLASH] Processed 1175000 read pairs
[FLASH] Processed 1200000 read pairs
[FLASH] Processed 1225000 read pairs
[FLASH] Processed 1250000 read pairs
[FLASH] Processed 1275000 read pairs
[FLASH] Processed 1300000 read pairs
[FLASH] Processed 1325000 read pairs
[FLASH] Processed 1350000 read pairs
[FLASH] Processed 1375000 read pairs
[FLASH] Processed 1400000 read pairs
[FLASH] Processed 1425000 read pairs
[FLASH] Processed 1450000 read pairs
[FLASH] Processed 1475000 read pairs
[FLASH] Processed 1500000 read pairs
[FLASH] Processed 1525000 read pairs
[FLASH] Processed 1550000 read pairs
[FLASH] Processed 1575000 read pairs
[FLASH] Processed 1600000 read pairs
[FLASH] Processed 1625000 read pairs
[FLASH] Processed 1650000 read pairs
[FLASH] Processed 1675000 read pairs
[FLASH] Processed 1700000 read pairs
[FLASH] Processed 1725000 read pairs
[FLASH] Processed 1750000 read pairs
[FLASH] Processed 1775000 read pairs
[FLASH] Processed 1800000 read pairs
[FLASH] Processed 1800302 read pairs
[FLASH]
[FLASH] Read combination statistics:
[FLASH]     Total pairs:      1800302
[FLASH]     Combined pairs:   1736231
[FLASH]     Uncombined pairs: 64071
[FLASH]     Percent combined: 96.44%
[FLASH]
[FLASH] Writing histogram files.
[FLASH]
[FLASH] FLASH v1.2.11 complete!
[FLASH] 32.562 seconds elapsed
[FLASH] Starting FLASH v1.2.11
[FLASH] Fast Length Adjustment of SHort reads
[FLASH]
[FLASH] Input files:
[FLASH]     K0_clean_R1.fq
[FLASH]     K0_clean_R2.fq
[FLASH]
[FLASH] Output files:
[FLASH]     ./K0.extendedFrags.fastq
[FLASH]     ./K0.notCombined_1.fastq
[FLASH]     ./K0.notCombined_2.fastq
[FLASH]     ./K0.hist
[FLASH]     ./K0.histogram
[FLASH]
[FLASH] Parameters:
[FLASH]     Min overlap:           10
[FLASH]     Max overlap:           250
[FLASH]     Max mismatch density:  0.250000
[FLASH]     Allow "outie" pairs:   false
[FLASH]     Cap mismatch quals:    false
[FLASH]     Combiner threads:      8
[FLASH]     Input format:          FASTQ, phred_offset=33
[FLASH]     Output format:         FASTQ, phred_offset=33
[FLASH]
[FLASH] Starting reader and writer threads
[FLASH] Starting 8 combiner threads
[FLASH] Processed 25000 read pairs
[FLASH] Processed 50000 read pairs
[FLASH] Processed 75000 read pairs
[FLASH] Processed 100000 read pairs
[FLASH] Processed 125000 read pairs
[FLASH] Processed 150000 read pairs
[FLASH] Processed 175000 read pairs
[FLASH] Processed 200000 read pairs
[FLASH] Processed 225000 read pairs
[FLASH] Processed 250000 read pairs
[FLASH] Processed 275000 read pairs
[FLASH] Processed 300000 read pairs
[FLASH] Processed 325000 read pairs
[FLASH] Processed 350000 read pairs
[FLASH] Processed 375000 read pairs
[FLASH] Processed 400000 read pairs
[FLASH] Processed 425000 read pairs
[FLASH] Processed 450000 read pairs
[FLASH] Processed 475000 read pairs
[FLASH] Processed 500000 read pairs
[FLASH] Processed 525000 read pairs
[FLASH] Processed 550000 read pairs
[FLASH] Processed 575000 read pairs
[FLASH] Processed 600000 read pairs
[FLASH] Processed 625000 read pairs
[FLASH] Processed 650000 read pairs
[FLASH] Processed 675000 read pairs
[FLASH] Processed 700000 read pairs
[FLASH] Processed 725000 read pairs
[FLASH] Processed 750000 read pairs
[FLASH] Processed 775000 read pairs
[FLASH] Processed 800000 read pairs
[FLASH] Processed 825000 read pairs
[FLASH] Processed 850000 read pairs
[FLASH] Processed 875000 read pairs
[FLASH] Processed 900000 read pairs
[FLASH] Processed 925000 read pairs
[FLASH] Processed 947592 read pairs
[FLASH]
[FLASH] Read combination statistics:
[FLASH]     Total pairs:      947592
[FLASH]     Combined pairs:   845383
[FLASH]     Uncombined pairs: 102209
[FLASH]     Percent combined: 89.21%
[FLASH]
[FLASH] Writing histogram files.
[FLASH]
[FLASH] FLASH v1.2.11 complete!
[FLASH] 14.494 seconds elapsed
(base) magdalena_dabrowska@DESKTOP-N4MLIUB:~/ANALIZA0903$ # Liczba zmergowanych odczytów (każdy read ma 4 linie w FASTQ)
wc -l D11.extendedFrags.fastq
wc -l K0.extendedFrags.fastq

# Liczba odczytów = liczba linii / 4
6944924 D11.extendedFrags.fastq
3381532 K0.extendedFrags.fastq
(base) magdalena_dabrowska@DESKTOP-N4MLIUB:~/ANALIZA0903$ cd ~/ANALIZA0903/NGS_data_analysis
(base) magdalena_dabrowska@DESKTOP-N4MLIUB:~/ANALIZA0903/NGS_data_analysis$ nano run_fastp_D11.sh
nano run_fastp_K0.sh
(base) magdalena_dabrowska@DESKTOP-N4MLIUB:~/ANALIZA0903/NGS_data_analysis$ nano run_fastp_D11.sh nano run_fastp_K0.sh
(base) magdalena_dabrowska@DESKTOP-N4MLIUB:~/ANALIZA0903/NGS_data_analysis$ nano run_fastp_D11.sh nano run_fastp_K0.sh nano run_fastp_K0.sh
(base) magdalena_dabrowska@DESKTOP-N4MLIUB:~/ANALIZA0903/NGS_data_analysis$ git status
On branch main
Your branch is up to date with 'origin/main'.

Untracked files:
  (use "git add <file>..." to include in what will be committed)
        nano
        run_fastp_D11.sh
        run_fastp_K0.sh

nothing added to commit but untracked files present (use "git add" to track)
(base) magdalena_dabrowska@DESKTOP-N4MLIUB:~/ANALIZA0903/NGS_data_analysis$ git add run_fastp_D11.sh run_fastp_K0.sh
(base) magdalena_dabrowska@DESKTOP-N4MLIUB:~/ANALIZA0903/NGS_data_analysis$ git commit -m "Update mearging"
[main 059f1db] Update mearging
 2 files changed, 436 insertions(+)
 create mode 100644 run_fastp_D11.sh
 create mode 100644 run_fastp_K0.sh
(base) magdalena_dabrowska@DESKTOP-N4MLIUB:~/ANALIZA0903/NGS_data_analysis$ git push origin main
Username for 'https://github.com': magdalenadabrowska122-jpg
Password for 'https://magdalenadabrowska122-jpg@github.com':
Enumerating objects: 5, done.
Counting objects: 100% (5/5), done.
Delta compression using up to 8 threads
Compressing objects: 100% (4/4), done.
Writing objects: 100% (4/4), 1.74 KiB | 891.00 KiB/s, done.
Total 4 (delta 2), reused 0 (delta 0), pack-reused 0
remote: Resolving deltas: 100% (2/2), completed with 1 local object.
To https://github.com/magdalenadabrowska122-jpg/NGS_data_analysis.git
   e44ce3e..059f1db  main -> main
(base) magdalena_dabrowska@DESKTOP-N4MLIUB:~/ANALIZA0903/NGS_data_analysis$ git add nano
(base) magdalena_dabrowska@DESKTOP-N4MLIUB:~/ANALIZA0903/NGS_data_analysis$ git status
On branch main
Your branch is up to date with 'origin/main'.

Changes to be committed:
  (use "git restore --staged <file>..." to unstage)
        new file:   nano

(base) magdalena_dabrowska@DESKTOP-N4MLIUB:~/ANALIZA0903/NGS_data_analysis$ git commit -m "Add updated bash merging"
[main 11c74d4] Add updated bash merging
 1 file changed, 1 insertion(+)
 create mode 100644 nano
(base) magdalena_dabrowska@DESKTOP-N4MLIUB:~/ANALIZA0903/NGS_data_analysis$ git push origin main
Username for 'https://github.com': magdalenadabrowska122-jpg
Password for 'https://magdalenadabrowska122-jpg@github.com':
Enumerating objects: 4, done.
Counting objects: 100% (4/4), done.
Delta compression using up to 8 threads
Compressing objects: 100% (2/2), done.
Writing objects: 100% (3/3), 288 bytes | 288.00 KiB/s, done.
Total 3 (delta 1), reused 0 (delta 0), pack-reused 0
remote: Resolving deltas: 100% (1/1), completed with 1 local object.
To https://github.com/magdalenadabrowska122-jpg/NGS_data_analysis.git
   059f1db..11c74d4  main -> main
(base) magdalena_dabrowska@DESKTOP-N4MLIUB:~/ANALIZA0903/NGS_data_analysis$
